core_cm4.h:2064:26:ITM_SendChar	16	static,ignoring_inline_asm
main.c:115:5:_write	32	static
main.c:124:6:HAL_GPIO_EXTI_Callback	24	static
main.c:147:6:slice_str	32	static
main.c:156:6:HAL_UART_RxCpltCallback	64	static
main.c:213:6:HAL_TIM_PeriodElapsedCallback	16	static
main.c:222:6:alarme	24	static
main.c:233:6:servomoteur	8	static
main.c:251:6:commande_roue	80	static
main.c:270:6:contournement	272	static
main.c:367:5:capteur_US	16	static
main.c:394:5:main	16	static
main.c:479:6:SystemClock_Config	128	static
main.c:529:13:MX_TIM1_Init	40	static
main.c:576:13:MX_TIM2_Init	64	static
main.c:635:13:MX_TIM3_Init	64	static
main.c:694:13:MX_TIM4_Init	40	static
main.c:739:13:MX_UART4_Init	8	static
main.c:775:13:MX_UART5_Init	8	static
main.c:811:13:MX_USART1_UART_Init	8	static
main.c:847:13:MX_GPIO_Init	56	static
main.c:943:6:Error_Handler	4	static,ignoring_inline_asm
